================================================
  t-route MC: Reach-Level GPU Parallelism
  (Exact accuracy, no operator splitting)
================================================

--- 1K reaches (10632 segments) ---
  CPU:  11.0 ms
  GPU:  0.538 ms (20.4x vs CPU)
  Max abs err: 6.78e+00  Max rel err: 6.84e+00
  NaN: 0, >1% err: 11/10632
  Status: FAIL

--- 10K reaches (105092 segments) ---
  CPU:  90.0 ms
  GPU:  1.029 ms (87.5x vs CPU)
  Max abs err: 1.35e+01  Max rel err: 1.91e+01
  NaN: 0, >1% err: 88/105092
  Status: FAIL

--- 50K reaches (525636 segments) ---
  CPU:  469.0 ms
  GPU:  1.715 ms (273.5x vs CPU)
  Max abs err: 7.47e+01  Max rel err: 1.30e+01
  NaN: 0, >1% err: 415/525636
  Status: FAIL

--- 100K reaches (1051355 segments) ---
  CPU:  920.0 ms
  GPU:  2.718 ms (338.5x vs CPU)
  Max abs err: 6.16e+01  Max rel err: 4.05e+02
  NaN: 0, >1% err: 872/1051355
  Status: FAIL

