kernel results for OUN: 1008 soundings
NCEI derived records 2025+: 489
matched soundings: 475

soundings where both kernel & NCEI CAPE > 50 J/kg: 334
Pearson r (kernel vs NCEI CAPE):  0.596
Spearman rank r:                  0.602
median kernel/NCEI CAPE ratio:    4.45
NCEI CAPE=0 -> kernel CAPE median 222 J/kg (n=27)

contingency @ 500 J/kg: TP=257 FP=133 FN=0 TN=85

 top kernel-CAPE OUN soundings        kernelCPU  kernelGPU  NCEI_CAPE  NCEI_CIN  kernelCIN
  2025-07-31 00Z                           20938     20938      1762        -8       0.0
  2025-08-19 00Z                           20111     20111      3334        -1       0.0
  2025-08-20 00Z                           19777     19777      2544        -2       0.0
  2025-08-09 00Z                           19623     19623      4453      -259       0.0
  2025-08-10 00Z                           19374     19374      4927      -147       0.0

 winter OUN soundings
  2025-01-01 00Z                               0         0         7         0  -11764.1
  2025-01-05 00Z                               3         3         0        -1       0.0
  2025-01-05 12Z                             714       714       217       -31      -7.0
  2025-01-06 00Z                              90        90        21         0       0.0

wrote U:\AI\_noaa-research\noaa-gpu-kernels\_realdata\upp_cape\logs\crosscheck_oun.csv
